  0%|          | 0/4748 [00:00<?, ?it/s]/root/miniconda3/envs/digiq/lib/python3.10/site-packages/torch/utils/checkpoint.py:87: UserWarning: None of the inputs have requires_grad=True. Gradients will be None
  warnings.warn(
`use_cache=True` is incompatible with gradient checkpointing. Setting `use_cache=False`...
> /export3/huangdongchi/hdc_debug/R1-V/src/r1-v/src/open_r1/grpo_gui.py(61)accuracy_reward()
-> reward = 0.0
(Pdb) > /export3/huangdongchi/hdc_debug/R1-V/src/r1-v/src/open_r1/grpo_gui.py(61)accuracy_reward()
-> reward = 0.0
(Pdb) "<think> To find the Microsoft Authenticator app, I need to use the search bar to enter the app's name. The current step is to begin the search process. </think>  \n<answer> Type 'Microsoft Authenticator' into the search bar. </answer>"
(Pdb) "<think> To find the Microsoft Authenticator app, I need to use the search bar to enter the app's name. The current step is to begin the search process. </think>  \n<answer> Type 'Microsoft Authenticator' into the search bar. </answer>"
(Pdb) "<think> To find the Microsoft Authenticator app, I need to use the search bar to enter the app's name. The current step is to begin the search process. </think>  \n<answer> Type 'Microsoft Authenticator' into the search bar. </answer>"
(Pdb) > /export3/huangdongchi/hdc_debug/R1-V/src/r1-v/src/open_r1/grpo_gui.py(72)accuracy_reward()
-> if reward == 0.0:
(Pdb) > /export3/huangdongchi/hdc_debug/R1-V/src/r1-v/src/open_r1/grpo_gui.py(61)accuracy_reward()
-> reward = 0.0
(Pdb) [0.0, 0.0]
(Pdb) > /export3/huangdongchi/hdc_debug/R1-V/src/r1-v/src/open_r1/grpo_gui.py(61)accuracy_reward()
-> reward = 0.0
(Pdb) > /export3/huangdongchi/hdc_debug/R1-V/src/r1-v/src/open_r1/grpo_gui.py(61)accuracy_reward()
-> reward = 0.0
(Pdb) *** NameError: name 'solutions' is not defined
(Pdb)
