  0%|          | 0/4748 [00:00<?, ?it/s]/root/miniconda3/envs/digiq/lib/python3.10/site-packages/torch/utils/checkpoint.py:87: UserWarning: None of the inputs have requires_grad=True. Gradients will be None
  warnings.warn(
`use_cache=True` is incompatible with gradient checkpointing. Setting `use_cache=False`...
> /export3/huangdongchi/hdc_debug/R1-V/src/r1-v/src/open_r1/grpo_gui.py(60)accuracy_reward()
-> reward = 0.0
(Pdb) ["<answer>pyautogui.write(message='Microsoft Authenticator')</answer>", "<answer>pyautogui.write(message='Microsoft Authenticator')</answer>", "<answer>pyautogui.write(message='Microsoft Authenticator')</answer>", "<answer>pyautogui.write(message='Microsoft Authenticator')</answer>", "<answer>pyautogui.write(message='Microsoft Authenticator')</answer>", "<answer>pyautogui.write(message='Microsoft Authenticator')</answer>", "<answer>pyautogui.write(message='Microsoft Authenticator')</answer>", "<answer>pyautogui.write(message='Microsoft Authenticator')</answer>"]
(Pdb) []
(Pdb) > /export3/huangdongchi/hdc_debug/R1-V/src/r1-v/src/open_r1/grpo_gui.py(60)accuracy_reward()
-> reward = 0.0
(Pdb) > /export3/huangdongchi/hdc_debug/R1-V/src/r1-v/src/open_r1/grpo_gui.py(60)accuracy_reward()
-> reward = 0.0
(Pdb) > /export3/huangdongchi/hdc_debug/R1-V/src/r1-v/src/open_r1/grpo_gui.py(60)accuracy_reward()
-> reward = 0.0
(Pdb) > /export3/huangdongchi/hdc_debug/R1-V/src/r1-v/src/open_r1/grpo_gui.py(60)accuracy_reward()
-> reward = 0.0
(Pdb) *** NameError: name 'cc' is not defined
(Pdb) > /export3/huangdongchi/hdc_debug/R1-V/src/r1-v/src/open_r1/grpo_gui.py(60)accuracy_reward()
-> reward = 0.0
(Pdb) > /export3/huangdongchi/hdc_debug/R1-V/src/r1-v/src/open_r1/grpo_gui.py(60)accuracy_reward()
-> reward = 0.0
(Pdb) > /export3/huangdongchi/hdc_debug/R1-V/src/r1-v/src/open_r1/grpo_gui.py(60)accuracy_reward()
-> reward = 0.0
(Pdb) > /export3/huangdongchi/hdc_debug/R1-V/src/r1-v/src/open_r1/grpo_gui.py(60)accuracy_reward()
-> reward = 0.0
(Pdb) []
(Pdb) > /export3/huangdongchi/hdc_debug/R1-V/src/r1-v/src/open_r1/grpo_gui.py(60)accuracy_reward()
-> reward = 0.0
(Pdb) > /export3/huangdongchi/hdc_debug/R1-V/src/r1-v/src/open_r1/grpo_gui.py(60)accuracy_reward()
-> reward = 0.0
(Pdb) (Pdb) > /export3/huangdongchi/hdc_debug/R1-V/src/r1-v/src/open_r1/grpo_gui.py(60)accuracy_reward()
-> reward = 0.0
(Pdb) ["<answer>mobile.terminate(status='success')</answer>", "<answer>mobile.terminate(status='success')</answer>", "<answer>mobile.terminate(status='success')</answer>", "<answer>mobile.terminate(status='success')</answer>", "<answer>mobile.terminate(status='success')</answer>", "<answer>mobile.terminate(status='success')</answer>", "<answer>mobile.terminate(status='success')</answer>", "<answer>mobile.terminate(status='success')</answer>"]
(Pdb) "<answer>mobile.terminate(status='success')</answer>"
(Pdb)
Traceback (most recent call last):
  File "/export3/huangdongchi/hdc_debug/R1-V/src/r1-v/src/open_r1/grpo_gui.py", line 204, in <module>
    script_args, training_args, model_args = parser.parse_args_and_config()
  File "/export3/huangdongchi/hdc_debug/R1-V/src/r1-v/src/open_r1/grpo_gui.py", line 193, in main
    # Train and push the model to the Hub
  File "/root/miniconda3/envs/digiq/lib/python3.10/site-packages/transformers/trainer.py", line 2250, in train
    return inner_training_loop(
  File "/root/miniconda3/envs/digiq/lib/python3.10/site-packages/transformers/trainer.py", line 2561, in _inner_training_loop
    tr_loss_step = self.training_step(model, inputs, num_items_in_batch)
  File "/root/miniconda3/envs/digiq/lib/python3.10/site-packages/transformers/trainer.py", line 3711, in training_step
    loss = self.compute_loss(model, inputs, num_items_in_batch=num_items_in_batch)
  File "/export3/huangdongchi/hdc_debug/R1-V/src/r1-v/src/open_r1/trainer/grpo_trainer.py", line 453, in compute_loss
    output_reward_func = reward_func(prompts=prompts, completions=completions, **reward_kwargs)
  File "/export3/huangdongchi/hdc_debug/R1-V/src/r1-v/src/open_r1/grpo_gui.py", line 60, in accuracy_reward
    reward = 0.0
  File "/export3/huangdongchi/hdc_debug/R1-V/src/r1-v/src/open_r1/grpo_gui.py", line 60, in accuracy_reward
    reward = 0.0
  File "/root/miniconda3/envs/digiq/lib/python3.10/bdb.py", line 90, in trace_dispatch
    return self.dispatch_line(frame)
  File "/root/miniconda3/envs/digiq/lib/python3.10/bdb.py", line 115, in dispatch_line
    if self.quitting: raise BdbQuit
bdb.BdbQuit
[rank0]: Traceback (most recent call last):
[rank0]:   File "/export3/huangdongchi/hdc_debug/R1-V/src/r1-v/src/open_r1/grpo_gui.py", line 204, in <module>
[rank0]:     script_args, training_args, model_args = parser.parse_args_and_config()
[rank0]:   File "/export3/huangdongchi/hdc_debug/R1-V/src/r1-v/src/open_r1/grpo_gui.py", line 193, in main
[rank0]:     # Train and push the model to the Hub
[rank0]:   File "/root/miniconda3/envs/digiq/lib/python3.10/site-packages/transformers/trainer.py", line 2250, in train
[rank0]:     return inner_training_loop(
[rank0]:   File "/root/miniconda3/envs/digiq/lib/python3.10/site-packages/transformers/trainer.py", line 2561, in _inner_training_loop
[rank0]:     tr_loss_step = self.training_step(model, inputs, num_items_in_batch)
[rank0]:   File "/root/miniconda3/envs/digiq/lib/python3.10/site-packages/transformers/trainer.py", line 3711, in training_step
[rank0]:     loss = self.compute_loss(model, inputs, num_items_in_batch=num_items_in_batch)
[rank0]:   File "/export3/huangdongchi/hdc_debug/R1-V/src/r1-v/src/open_r1/trainer/grpo_trainer.py", line 453, in compute_loss
[rank0]:     output_reward_func = reward_func(prompts=prompts, completions=completions, **reward_kwargs)
[rank0]:   File "/export3/huangdongchi/hdc_debug/R1-V/src/r1-v/src/open_r1/grpo_gui.py", line 60, in accuracy_reward
[rank0]:     reward = 0.0
[rank0]:   File "/export3/huangdongchi/hdc_debug/R1-V/src/r1-v/src/open_r1/grpo_gui.py", line 60, in accuracy_reward
[rank0]:     reward = 0.0
[rank0]:   File "/root/miniconda3/envs/digiq/lib/python3.10/bdb.py", line 90, in trace_dispatch
[rank0]:     return self.dispatch_line(frame)
[rank0]:   File "/root/miniconda3/envs/digiq/lib/python3.10/bdb.py", line 115, in dispatch_line
[rank0]:     if self.quitting: raise BdbQuit
[rank0]: bdb.BdbQuit
