  0%|          | 0/4748 [00:00<?, ?it/s]/root/miniconda3/envs/digiq/lib/python3.10/site-packages/torch/utils/checkpoint.py:87: UserWarning: None of the inputs have requires_grad=True. Gradients will be None
  warnings.warn(
`use_cache=True` is incompatible with gradient checkpointing. Setting `use_cache=False`...
> /export3/huangdongchi/hdc_debug/R1-V/src/r1-v/src/open_r1/grpo_gui.py(61)accuracy_reward()
-> reward = 0.0
(Pdb) > /export3/huangdongchi/hdc_debug/R1-V/src/r1-v/src/open_r1/grpo_gui.py(61)accuracy_reward()
-> reward = 0.0
(Pdb) > /export3/huangdongchi/hdc_debug/R1-V/src/r1-v/src/open_r1/grpo_gui.py(61)accuracy_reward()
-> reward = 0.0
(Pdb) > /export3/huangdongchi/hdc_debug/R1-V/src/r1-v/src/open_r1/grpo_gui.py(61)accuracy_reward()
-> reward = 0.0
(Pdb) [0.0, 0.0, 0.0]
(Pdb) > /export3/huangdongchi/hdc_debug/R1-V/src/r1-v/src/open_r1/grpo_gui.py(61)accuracy_reward()
-> reward = 0.0
(Pdb) "<think>To proceed, I need to clear the search field and type in the app name I want to install. This will allow me to search for 'Microsoft Authenticator' within the app store. </think>\n<answer>Enter 'Microsoft Authenticator' in the search bar and press the 'Enter' key.</answer>"
(Pdb) > /export3/huangdongchi/hdc_debug/R1-V/src/r1-v/src/open_r1/grpo_gui.py(61)accuracy_reward()
-> reward = 0.0
(Pdb) > /export3/huangdongchi/hdc_debug/R1-V/src/r1-v/src/open_r1/grpo_gui.py(61)accuracy_reward()
-> reward = 0.0
(Pdb) [0.0, 0.0, 0.0, 0.0, 0.0, 0.0]
(Pdb) "<think>To install Microsoft Authenticator, I need to enter the app's name into the search bar.\n</think>\n<answer>Enter 'Microsoft Authenticator' into the search bar.</answer>"
(Pdb) *** NameError: name 'ls' is not defined
(Pdb)
